Copyright 1986-2019 Xilinx, Inc. All Rights Reserved.
-------------------------------------------------------------------------------------------
| Tool Version : Vivado v.2019.1.3 (win64) Build 2644227 Wed Sep  4 09:45:24 MDT 2019
| Date         : Sat Feb 15 15:50:25 2020
| Host         : Jithin-ASUS running 64-bit major release  (build 9200)
| Command      : report_control_sets -verbose -file system_wrapper_control_sets_placed.rpt
| Design       : system_wrapper
| Device       : xc7z007s
-------------------------------------------------------------------------------------------

Control Set Information

Table of Contents
-----------------
1. Summary
2. Histogram
3. Flip-Flop Distribution
4. Detailed Control Set Information

1. Summary
----------

+----------------------------------------------------------+-------+
|                          Status                          | Count |
+----------------------------------------------------------+-------+
| Total control sets                                       |   105 |
|    Minimum number of control sets                        |   105 |
|    Addition due to synthesis replication                 |     0 |
|    Addition due to physical synthesis replication        |     0 |
| Unused register locations in slices containing registers |    88 |
+----------------------------------------------------------+-------+
* Control sets can be merged at opt_design using control_set_merge or merge_equivalent_drivers
** Run report_qor_suggestions for automated merging and remapping suggestions


2. Histogram
------------

+--------------------+-------+
|       Fanout       | Count |
+--------------------+-------+
| Total control sets |   105 |
| >= 0 to < 4        |     1 |
| >= 4 to < 6        |     7 |
| >= 6 to < 8        |     1 |
| >= 8 to < 10       |    25 |
| >= 10 to < 12      |     1 |
| >= 12 to < 14      |     2 |
| >= 14 to < 16      |     2 |
| >= 16              |    66 |
+--------------------+-------+
* Control sets can be remapped at either synth_design or opt_design


3. Flip-Flop Distribution
-------------------------

+--------------+-----------------------+------------------------+-----------------+--------------+
| Clock Enable | Synchronous Set/Reset | Asynchronous Set/Reset | Total Registers | Total Slices |
+--------------+-----------------------+------------------------+-----------------+--------------+
| No           | No                    | No                     |             115 |           34 |
| No           | No                    | Yes                    |               0 |            0 |
| No           | Yes                   | No                     |              34 |           17 |
| Yes          | No                    | No                     |            1928 |          533 |
| Yes          | No                    | Yes                    |               0 |            0 |
| Yes          | Yes                   | No                     |             387 |          118 |
+--------------+-----------------------+------------------------+-----------------+--------------+


4. Detailed Control Set Information
-----------------------------------

+-----------------------------------------------+--------------------------------------------------------------------------------------------------------------------------------------------------------------+-----------------------------------------------------------------------------------------------------------------------------------------------------+------------------+----------------+
|                  Clock Signal                 |                                                                         Enable Signal                                                                        |                                                                   Set/Reset Signal                                                                  | Slice Load Count | Bel Load Count |
+-----------------------------------------------+--------------------------------------------------------------------------------------------------------------------------------------------------------------+-----------------------------------------------------------------------------------------------------------------------------------------------------+------------------+----------------+
|  system_i/processing_system7_0/inst/FCLK_CLK0 | system_i/ps7_0_axi_periph/s00_couplers/auto_pc/inst/gen_axilite.gen_b2s_conv.axilite_b2s/WR.b_channel_0/bid_fifo_0/bresp_push                                |                                                                                                                                                     |                1 |              2 |
|  system_i/processing_system7_0/inst/FCLK_CLK0 |                                                                                                                                                              | system_i/ps7_0_axi_periph/s00_couplers/auto_pc/inst/gen_axilite.gen_b2s_conv.axilite_b2s/SI_REG/ar.ar_pipe/aresetn_d_reg[1]_inv_0                   |                2 |              4 |
|  system_i/processing_system7_0/inst/FCLK_CLK0 |                                                                                                                                                              | system_i/proc_sys_reset_0/U0/EXT_LPF/lpf_int                                                                                                        |                3 |              4 |
|  system_i/processing_system7_0/inst/FCLK_CLK0 |                                                                                                                                                              | system_i/ps7_0_axi_periph/s00_couplers/auto_pc/inst/gen_axilite.gen_b2s_conv.axilite_b2s/SI_REG/aw.aw_pipe/aresetn_d_reg[0]_0                       |                2 |              4 |
|  system_i/processing_system7_0/inst/FCLK_CLK0 | system_i/ps7_0_axi_periph/s00_couplers/auto_pc/inst/gen_axilite.gen_b2s_conv.axilite_b2s/RD.r_channel_0/transaction_fifo_0/cnt_read[4]_i_1__0_n_0            | system_i/ps7_0_axi_periph/s00_couplers/auto_pc/inst/gen_axilite.gen_b2s_conv.axilite_b2s/areset_d1                                                  |                2 |              5 |
|  system_i/processing_system7_0/inst/FCLK_CLK0 | system_i/ps7_0_axi_periph/s00_couplers/auto_pc/inst/gen_axilite.gen_b2s_conv.axilite_b2s/WR.aw_channel_0/aw_cmd_fsm_0/m_valid_i_reg_0                        | system_i/ps7_0_axi_periph/s00_couplers/auto_pc/inst/gen_axilite.gen_b2s_conv.axilite_b2s/WR.aw_channel_0/aw_cmd_fsm_0/m_valid_i_reg                 |                2 |              5 |
|  system_i/processing_system7_0/inst/FCLK_CLK0 | system_i/ps7_0_axi_periph/s00_couplers/auto_pc/inst/gen_axilite.gen_b2s_conv.axilite_b2s/RD.r_channel_0/transaction_fifo_0/E[0]                              | system_i/ps7_0_axi_periph/s00_couplers/auto_pc/inst/gen_axilite.gen_b2s_conv.axilite_b2s/areset_d1                                                  |                2 |              5 |
|  system_i/processing_system7_0/inst/FCLK_CLK0 | system_i/ps7_0_axi_periph/s00_couplers/auto_pc/inst/gen_axilite.gen_b2s_conv.axilite_b2s/RD.ar_channel_0/ar_cmd_fsm_0/m_axi_arready_0                        | system_i/ps7_0_axi_periph/s00_couplers/auto_pc/inst/gen_axilite.gen_b2s_conv.axilite_b2s/RD.ar_channel_0/ar_cmd_fsm_0/FSM_sequential_state_reg[1]_0 |                3 |              5 |
|  system_i/processing_system7_0/inst/FCLK_CLK0 | system_i/proc_sys_reset_0/U0/SEQ/seq_cnt_en                                                                                                                  | system_i/proc_sys_reset_0/U0/SEQ/SEQ_COUNTER/clear                                                                                                  |                1 |              6 |
|  system_i/processing_system7_0/inst/FCLK_CLK0 | system_i/ps7_0_axi_periph/s00_couplers/auto_pc/inst/gen_axilite.gen_b2s_conv.axilite_b2s/WR.aw_channel_0/aw_cmd_fsm_0/E[0]                                   |                                                                                                                                                     |                4 |              8 |
|  system_i/processing_system7_0/inst/FCLK_CLK0 | system_i/bubble_sort_ip_0/U0/bubble_sort_ip_v1_0_S_AXI_inst/slv_reg4[7]_i_1_n_0                                                                              | system_i/bubble_sort_ip_0/U0/bubble_sort_ip_v1_0_S_AXI_inst/axi_awready_i_1_n_0                                                                     |                1 |              8 |
|  system_i/processing_system7_0/inst/FCLK_CLK0 | system_i/bubble_sort_ip_0/U0/bubble_sort_ip_v1_0_S_AXI_inst/slv_reg2[23]_i_1_n_0                                                                             | system_i/bubble_sort_ip_0/U0/bubble_sort_ip_v1_0_S_AXI_inst/axi_awready_i_1_n_0                                                                     |                2 |              8 |
|  system_i/processing_system7_0/inst/FCLK_CLK0 | system_i/ps7_0_axi_periph/s00_couplers/auto_pc/inst/gen_axilite.gen_b2s_conv.axilite_b2s/WR.aw_channel_0/cmd_translator_0/incr_cmd_0/axaddr_incr[11]_i_1_n_0 |                                                                                                                                                     |                2 |              8 |
|  system_i/processing_system7_0/inst/FCLK_CLK0 | system_i/bubble_sort_ip_0/U0/bubble_sort_ip_v1_0_S_AXI_inst/slv_reg2[15]_i_1_n_0                                                                             | system_i/bubble_sort_ip_0/U0/bubble_sort_ip_v1_0_S_AXI_inst/axi_awready_i_1_n_0                                                                     |                2 |              8 |
|  system_i/processing_system7_0/inst/FCLK_CLK0 | system_i/bubble_sort_ip_0/U0/bubble_sort_ip_v1_0_S_AXI_inst/p_1_in[7]                                                                                        | system_i/bubble_sort_ip_0/U0/bubble_sort_ip_v1_0_S_AXI_inst/axi_awready_i_1_n_0                                                                     |                1 |              8 |
|  system_i/processing_system7_0/inst/FCLK_CLK0 | system_i/bubble_sort_ip_0/U0/bubble_sort_ip_v1_0_S_AXI_inst/p_1_in[15]                                                                                       | system_i/bubble_sort_ip_0/U0/bubble_sort_ip_v1_0_S_AXI_inst/axi_awready_i_1_n_0                                                                     |                2 |              8 |
|  system_i/processing_system7_0/inst/FCLK_CLK0 | system_i/bubble_sort_ip_0/U0/bubble_sort_ip_v1_0_S_AXI_inst/p_1_in[23]                                                                                       | system_i/bubble_sort_ip_0/U0/bubble_sort_ip_v1_0_S_AXI_inst/axi_awready_i_1_n_0                                                                     |                1 |              8 |
|  system_i/processing_system7_0/inst/FCLK_CLK0 | system_i/bubble_sort_ip_0/U0/bubble_sort_ip_v1_0_S_AXI_inst/p_1_in[31]                                                                                       | system_i/bubble_sort_ip_0/U0/bubble_sort_ip_v1_0_S_AXI_inst/axi_awready_i_1_n_0                                                                     |                1 |              8 |
|  system_i/processing_system7_0/inst/FCLK_CLK0 | system_i/bubble_sort_ip_0/U0/bubble_sort_ip_v1_0_S_AXI_inst/slv_reg3[15]_i_1_n_0                                                                             | system_i/bubble_sort_ip_0/U0/bubble_sort_ip_v1_0_S_AXI_inst/axi_awready_i_1_n_0                                                                     |                2 |              8 |
|  system_i/processing_system7_0/inst/FCLK_CLK0 | system_i/bubble_sort_ip_0/U0/bubble_sort_ip_v1_0_S_AXI_inst/slv_reg3[31]_i_1_n_0                                                                             | system_i/bubble_sort_ip_0/U0/bubble_sort_ip_v1_0_S_AXI_inst/axi_awready_i_1_n_0                                                                     |                2 |              8 |
|  system_i/processing_system7_0/inst/FCLK_CLK0 | system_i/bubble_sort_ip_0/U0/bubble_sort_ip_v1_0_S_AXI_inst/slv_reg3[7]_i_1_n_0                                                                              | system_i/bubble_sort_ip_0/U0/bubble_sort_ip_v1_0_S_AXI_inst/axi_awready_i_1_n_0                                                                     |                3 |              8 |
|  system_i/processing_system7_0/inst/FCLK_CLK0 | system_i/bubble_sort_ip_0/U0/bubble_sort_ip_v1_0_S_AXI_inst/slv_reg2[31]_i_1_n_0                                                                             | system_i/bubble_sort_ip_0/U0/bubble_sort_ip_v1_0_S_AXI_inst/axi_awready_i_1_n_0                                                                     |                1 |              8 |
|  system_i/processing_system7_0/inst/FCLK_CLK0 | system_i/bubble_sort_ip_0/U0/bubble_sort_ip_v1_0_S_AXI_inst/slv_reg3[23]_i_1_n_0                                                                             | system_i/bubble_sort_ip_0/U0/bubble_sort_ip_v1_0_S_AXI_inst/axi_awready_i_1_n_0                                                                     |                1 |              8 |
|  system_i/processing_system7_0/inst/FCLK_CLK0 | system_i/bubble_sort_ip_0/U0/bubble_sort_ip_v1_0_S_AXI_inst/slv_reg7[23]_i_1_n_0                                                                             | system_i/bubble_sort_ip_0/U0/bubble_sort_ip_v1_0_S_AXI_inst/axi_awready_i_1_n_0                                                                     |                2 |              8 |
|  system_i/processing_system7_0/inst/FCLK_CLK0 | system_i/bubble_sort_ip_0/U0/bubble_sort_ip_v1_0_S_AXI_inst/slv_reg4[31]_i_1_n_0                                                                             | system_i/bubble_sort_ip_0/U0/bubble_sort_ip_v1_0_S_AXI_inst/axi_awready_i_1_n_0                                                                     |                1 |              8 |
|  system_i/processing_system7_0/inst/FCLK_CLK0 | system_i/bubble_sort_ip_0/U0/bubble_sort_ip_v1_0_S_AXI_inst/slv_reg4[15]_i_1_n_0                                                                             | system_i/bubble_sort_ip_0/U0/bubble_sort_ip_v1_0_S_AXI_inst/axi_awready_i_1_n_0                                                                     |                2 |              8 |
|  system_i/processing_system7_0/inst/FCLK_CLK0 | system_i/bubble_sort_ip_0/U0/bubble_sort_ip_v1_0_S_AXI_inst/slv_reg4[23]_i_1_n_0                                                                             | system_i/bubble_sort_ip_0/U0/bubble_sort_ip_v1_0_S_AXI_inst/axi_awready_i_1_n_0                                                                     |                1 |              8 |
|  system_i/processing_system7_0/inst/FCLK_CLK0 | system_i/bubble_sort_ip_0/U0/bubble_sort_ip_v1_0_S_AXI_inst/slv_reg7[31]_i_1_n_0                                                                             | system_i/bubble_sort_ip_0/U0/bubble_sort_ip_v1_0_S_AXI_inst/axi_awready_i_1_n_0                                                                     |                3 |              8 |
|  system_i/processing_system7_0/inst/FCLK_CLK0 | system_i/bubble_sort_ip_0/U0/bubble_sort_ip_v1_0_S_AXI_inst/slv_reg7[7]_i_1_n_0                                                                              | system_i/bubble_sort_ip_0/U0/bubble_sort_ip_v1_0_S_AXI_inst/axi_awready_i_1_n_0                                                                     |                2 |              8 |
|  system_i/processing_system7_0/inst/FCLK_CLK0 | system_i/ps7_0_axi_periph/s00_couplers/auto_pc/inst/gen_axilite.gen_b2s_conv.axilite_b2s/WR.b_channel_0/mhandshake_r                                         | system_i/ps7_0_axi_periph/s00_couplers/auto_pc/inst/gen_axilite.gen_b2s_conv.axilite_b2s/WR.b_channel_0/bid_fifo_0/SR[0]                            |                3 |              8 |
|  system_i/processing_system7_0/inst/FCLK_CLK0 | system_i/ps7_0_axi_periph/s00_couplers/auto_pc/inst/gen_axilite.gen_b2s_conv.axilite_b2s/RD.ar_channel_0/ar_cmd_fsm_0/sel_first_reg[0]                       |                                                                                                                                                     |                2 |              8 |
|  system_i/processing_system7_0/inst/FCLK_CLK0 | system_i/bubble_sort_ip_0/U0/bubble_sort_ip_v1_0_S_AXI_inst/slv_reg2[7]_i_1_n_0                                                                              | system_i/bubble_sort_ip_0/U0/bubble_sort_ip_v1_0_S_AXI_inst/axi_awready_i_1_n_0                                                                     |                1 |              8 |
|  system_i/processing_system7_0/inst/FCLK_CLK0 | system_i/bubble_sort_ip_0/U0/bubble_sort_ip_v1_0_S_AXI_inst/slv_reg7[15]_i_1_n_0                                                                             | system_i/bubble_sort_ip_0/U0/bubble_sort_ip_v1_0_S_AXI_inst/axi_awready_i_1_n_0                                                                     |                1 |              8 |
|  system_i/processing_system7_0/inst/FCLK_CLK0 | system_i/ps7_0_axi_periph/s00_couplers/auto_pc/inst/gen_axilite.gen_b2s_conv.axilite_b2s/RD.ar_channel_0/ar_cmd_fsm_0/E[0]                                   |                                                                                                                                                     |                3 |              8 |
|  system_i/processing_system7_0/inst/FCLK_CLK0 |                                                                                                                                                              | system_i/ps7_0_axi_periph/s00_couplers/auto_pc/inst/gen_axilite.gen_b2s_conv.axilite_b2s/areset_d1                                                  |                6 |             10 |
|  system_i/processing_system7_0/inst/FCLK_CLK0 |                                                                                                                                                              | system_i/bubble_sort_ip_0/U0/bubble_sort_ip_v1_0_S_AXI_inst/axi_awready_i_1_n_0                                                                     |                4 |             12 |
|  system_i/processing_system7_0/inst/FCLK_CLK0 | system_i/ps7_0_axi_periph/s00_couplers/auto_pc/inst/gen_axilite.gen_b2s_conv.axilite_b2s/RD.r_channel_0/r_push_r                                             |                                                                                                                                                     |                4 |             13 |
|  system_i/processing_system7_0/inst/FCLK_CLK0 | system_i/ps7_0_axi_periph/s00_couplers/auto_pc/inst/gen_axilite.gen_b2s_conv.axilite_b2s/SI_REG/b.b_pipe/p_1_in                                              |                                                                                                                                                     |                3 |             14 |
|  system_i/processing_system7_0/inst/FCLK_CLK0 | system_i/ps7_0_axi_periph/s00_couplers/auto_pc/inst/gen_axilite.gen_b2s_conv.axilite_b2s/SI_REG/b.b_pipe/s_ready_i_reg_0                                     |                                                                                                                                                     |                3 |             14 |
|  system_i/processing_system7_0/inst/FCLK_CLK0 | system_i/ps7_0_axi_periph/s00_couplers/auto_pc/inst/gen_axilite.gen_b2s_conv.axilite_b2s/WR.aw_channel_0/aw_cmd_fsm_0/b_push                                 |                                                                                                                                                     |                3 |             16 |
|  system_i/processing_system7_0/inst/FCLK_CLK0 | system_i/ps7_0_axi_periph/s00_couplers/auto_pc/inst/gen_axilite.gen_b2s_conv.axilite_b2s/RD.ar_channel_0/ar_cmd_fsm_0/m_axi_arready_0                        |                                                                                                                                                     |                5 |             17 |
|  system_i/processing_system7_0/inst/FCLK_CLK0 | system_i/ps7_0_axi_periph/s00_couplers/auto_pc/inst/gen_axilite.gen_b2s_conv.axilite_b2s/WR.aw_channel_0/aw_cmd_fsm_0/m_valid_i_reg_0                        |                                                                                                                                                     |                8 |             17 |
|  system_i/processing_system7_0/inst/FCLK_CLK0 | system_i/ps7_0_axi_periph/s00_couplers/auto_pc/inst/gen_axilite.gen_b2s_conv.axilite_b2s/WR.aw_channel_0/aw_cmd_fsm_0/m_valid_i_reg_1[0]                     |                                                                                                                                                     |                6 |             28 |
|  system_i/processing_system7_0/inst/FCLK_CLK0 | system_i/ps7_0_axi_periph/s00_couplers/auto_pc/inst/gen_axilite.gen_b2s_conv.axilite_b2s/SI_REG/aw.aw_pipe/s_ready_i_reg_0                                   |                                                                                                                                                     |                6 |             28 |
|  system_i/processing_system7_0/inst/FCLK_CLK0 | system_i/ps7_0_axi_periph/s00_couplers/auto_pc/inst/gen_axilite.gen_b2s_conv.axilite_b2s/RD.ar_channel_0/ar_cmd_fsm_0/FSM_sequential_state_reg[1]_1[0]       |                                                                                                                                                     |                6 |             28 |
|  system_i/processing_system7_0/inst/FCLK_CLK0 | system_i/ps7_0_axi_periph/s00_couplers/auto_pc/inst/gen_axilite.gen_b2s_conv.axilite_b2s/SI_REG/ar.ar_pipe/s_ready_i_reg_0                                   |                                                                                                                                                     |                6 |             28 |
|  system_i/processing_system7_0/inst/FCLK_CLK0 | system_i/bubble_sort_ip_0/U0/bubble_sort_ip_v1_0_S_AXI_inst/B1/count[31]_i_2_n_0                                                                             | system_i/bubble_sort_ip_0/U0/bubble_sort_ip_v1_0_S_AXI_inst/B1/count[31]_i_1_n_0                                                                    |                8 |             29 |
|  system_i/processing_system7_0/inst/FCLK_CLK0 | system_i/bubble_sort_ip_0/U0/bubble_sort_ip_v1_0_S_AXI_inst/B1/P1[42].P3.U3/temp[31]_i_1__41_n_0                                                             |                                                                                                                                                     |                9 |             32 |
|  system_i/processing_system7_0/inst/FCLK_CLK0 | system_i/bubble_sort_ip_0/U0/bubble_sort_ip_v1_0_S_AXI_inst/B1/P1[43].P4.U4/temp[31]_i_1__42_n_0                                                             |                                                                                                                                                     |                9 |             32 |
|  system_i/processing_system7_0/inst/FCLK_CLK0 | system_i/bubble_sort_ip_0/U0/bubble_sort_ip_v1_0_S_AXI_inst/B1/P1[44].P3.U3/temp[31]_i_1__43_n_0                                                             |                                                                                                                                                     |                8 |             32 |
|  system_i/processing_system7_0/inst/FCLK_CLK0 | system_i/bubble_sort_ip_0/U0/bubble_sort_ip_v1_0_S_AXI_inst/B1/P1[45].P4.U4/temp[31]_i_1__44_n_0                                                             |                                                                                                                                                     |                9 |             32 |
|  system_i/processing_system7_0/inst/FCLK_CLK0 | system_i/bubble_sort_ip_0/U0/bubble_sort_ip_v1_0_S_AXI_inst/B1/P1[46].P3.U3/temp[31]_i_1__45_n_0                                                             |                                                                                                                                                     |                9 |             32 |
|  system_i/processing_system7_0/inst/FCLK_CLK0 | system_i/bubble_sort_ip_0/U0/bubble_sort_ip_v1_0_S_AXI_inst/B1/P1[9].P4.U4/temp[31]_i_1__8_n_0                                                               |                                                                                                                                                     |                8 |             32 |
|  system_i/processing_system7_0/inst/FCLK_CLK0 | system_i/bubble_sort_ip_0/U0/bubble_sort_ip_v1_0_S_AXI_inst/B1/P1[47].P4.U4/temp[31]_i_1__46_n_0                                                             |                                                                                                                                                     |               10 |             32 |
|  system_i/processing_system7_0/inst/FCLK_CLK0 | system_i/bubble_sort_ip_0/U0/bubble_sort_ip_v1_0_S_AXI_inst/B1/P1[48].P3.U3/temp[31]_i_1__47_n_0                                                             |                                                                                                                                                     |               10 |             32 |
|  system_i/processing_system7_0/inst/FCLK_CLK0 | system_i/bubble_sort_ip_0/U0/bubble_sort_ip_v1_0_S_AXI_inst/B1/P1[49].P5.U5/temp[31]_i_1__48_n_0                                                             |                                                                                                                                                     |                5 |             32 |
|  system_i/processing_system7_0/inst/FCLK_CLK0 | system_i/bubble_sort_ip_0/U0/bubble_sort_ip_v1_0_S_AXI_inst/B1/P1[4].P3.U3/temp[31]_i_1__3_n_0                                                               |                                                                                                                                                     |                9 |             32 |
|  system_i/processing_system7_0/inst/FCLK_CLK0 | system_i/bubble_sort_ip_0/U0/bubble_sort_ip_v1_0_S_AXI_inst/B1/P1[5].P4.U4/temp[31]_i_1__4_n_0                                                               |                                                                                                                                                     |                9 |             32 |
|  system_i/processing_system7_0/inst/FCLK_CLK0 | system_i/bubble_sort_ip_0/U0/bubble_sort_ip_v1_0_S_AXI_inst/B1/P1[34].P3.U3/temp[31]_i_1__33_n_0                                                             |                                                                                                                                                     |               11 |             32 |
|  system_i/processing_system7_0/inst/FCLK_CLK0 | system_i/bubble_sort_ip_0/U0/bubble_sort_ip_v1_0_S_AXI_inst/B1/P1[35].P4.U4/temp[31]_i_1__34_n_0                                                             |                                                                                                                                                     |                9 |             32 |
|  system_i/processing_system7_0/inst/FCLK_CLK0 | system_i/bubble_sort_ip_0/U0/bubble_sort_ip_v1_0_S_AXI_inst/B1/P1[36].P3.U3/temp[31]_i_1__35_n_0                                                             |                                                                                                                                                     |                9 |             32 |
|  system_i/processing_system7_0/inst/FCLK_CLK0 | system_i/bubble_sort_ip_0/U0/bubble_sort_ip_v1_0_S_AXI_inst/B1/P1[37].P4.U4/temp[31]_i_1__36_n_0                                                             |                                                                                                                                                     |                9 |             32 |
|  system_i/processing_system7_0/inst/FCLK_CLK0 | system_i/bubble_sort_ip_0/U0/bubble_sort_ip_v1_0_S_AXI_inst/B1/P1[38].P3.U3/temp[31]_i_1__37_n_0                                                             |                                                                                                                                                     |               10 |             32 |
|  system_i/processing_system7_0/inst/FCLK_CLK0 | system_i/bubble_sort_ip_0/U0/bubble_sort_ip_v1_0_S_AXI_inst/B1/data_out[31]_i_1_n_0                                                                          |                                                                                                                                                     |               10 |             32 |
|  system_i/processing_system7_0/inst/FCLK_CLK0 | system_i/bubble_sort_ip_0/U0/bubble_sort_ip_v1_0_S_AXI_inst/B1/wL[0]_50                                                                                      | system_i/bubble_sort_ip_0/U0/bubble_sort_ip_v1_0_S_AXI_inst/B1/wL[0][31]_i_1_n_0                                                                    |                8 |             32 |
|  system_i/processing_system7_0/inst/FCLK_CLK0 | system_i/bubble_sort_ip_0/U0/bubble_sort_ip_v1_0_S_AXI_inst/B1/P1[33].P4.U4/temp[31]_i_1__32_n_0                                                             |                                                                                                                                                     |                9 |             32 |
|  system_i/processing_system7_0/inst/FCLK_CLK0 | system_i/bubble_sort_ip_0/U0/bubble_sort_ip_v1_0_S_AXI_inst/B1/P1[25].P4.U4/temp[31]_i_1__24_n_0                                                             |                                                                                                                                                     |                9 |             32 |
|  system_i/processing_system7_0/inst/FCLK_CLK0 | system_i/bubble_sort_ip_0/U0/bubble_sort_ip_v1_0_S_AXI_inst/B1/P1[26].P3.U3/temp[31]_i_1__25_n_0                                                             |                                                                                                                                                     |               10 |             32 |
|  system_i/processing_system7_0/inst/FCLK_CLK0 | system_i/bubble_sort_ip_0/U0/bubble_sort_ip_v1_0_S_AXI_inst/B1/P1[22].P3.U3/temp[31]_i_1__21_n_0                                                             |                                                                                                                                                     |                8 |             32 |
|  system_i/processing_system7_0/inst/FCLK_CLK0 | system_i/bubble_sort_ip_0/U0/bubble_sort_ip_v1_0_S_AXI_inst/B1/P1[23].P4.U4/temp[31]_i_1__22_n_0                                                             |                                                                                                                                                     |                9 |             32 |
|  system_i/processing_system7_0/inst/FCLK_CLK0 | system_i/bubble_sort_ip_0/U0/bubble_sort_ip_v1_0_S_AXI_inst/B1/P1[24].P3.U3/temp[31]_i_1__23_n_0                                                             |                                                                                                                                                     |               10 |             32 |
|  system_i/processing_system7_0/inst/FCLK_CLK0 | system_i/bubble_sort_ip_0/U0/bubble_sort_ip_v1_0_S_AXI_inst/B1/P1[31].P4.U4/temp[31]_i_1__30_n_0                                                             |                                                                                                                                                     |                8 |             32 |
|  system_i/processing_system7_0/inst/FCLK_CLK0 | system_i/bubble_sort_ip_0/U0/bubble_sort_ip_v1_0_S_AXI_inst/B1/P1[32].P3.U3/temp[31]_i_1__31_n_0                                                             |                                                                                                                                                     |                9 |             32 |
|  system_i/processing_system7_0/inst/FCLK_CLK0 | system_i/bubble_sort_ip_0/U0/bubble_sort_ip_v1_0_S_AXI_inst/B1/P1[30].P3.U3/temp[31]_i_1__29_n_0                                                             |                                                                                                                                                     |                9 |             32 |
|  system_i/processing_system7_0/inst/FCLK_CLK0 | system_i/bubble_sort_ip_0/U0/bubble_sort_ip_v1_0_S_AXI_inst/B1/P1[1].P4.U4/temp[31]_i_1__0_n_0                                                               |                                                                                                                                                     |                9 |             32 |
|  system_i/processing_system7_0/inst/FCLK_CLK0 | system_i/bubble_sort_ip_0/U0/bubble_sort_ip_v1_0_S_AXI_inst/B1/P1[20].P3.U3/temp[31]_i_1__19_n_0                                                             |                                                                                                                                                     |                9 |             32 |
|  system_i/processing_system7_0/inst/FCLK_CLK0 | system_i/bubble_sort_ip_0/U0/bubble_sort_ip_v1_0_S_AXI_inst/B1/P1[21].P4.U4/temp[31]_i_1__20_n_0                                                             |                                                                                                                                                     |                9 |             32 |
|  system_i/processing_system7_0/inst/FCLK_CLK0 | system_i/bubble_sort_ip_0/U0/bubble_sort_ip_v1_0_S_AXI_inst/B1/P1[18].P3.U3/temp[31]_i_1__17_n_0                                                             |                                                                                                                                                     |               10 |             32 |
|  system_i/processing_system7_0/inst/FCLK_CLK0 | system_i/bubble_sort_ip_0/U0/bubble_sort_ip_v1_0_S_AXI_inst/B1/P1[19].P4.U4/temp[31]_i_1__18_n_0                                                             |                                                                                                                                                     |                9 |             32 |
|  system_i/processing_system7_0/inst/FCLK_CLK0 | system_i/bubble_sort_ip_0/U0/bubble_sort_ip_v1_0_S_AXI_inst/B1/P1[15].P4.U4/temp[31]_i_1__14_n_0                                                             |                                                                                                                                                     |                8 |             32 |
|  system_i/processing_system7_0/inst/FCLK_CLK0 | system_i/bubble_sort_ip_0/U0/bubble_sort_ip_v1_0_S_AXI_inst/B1/P1[16].P3.U3/temp[31]_i_1__15_n_0                                                             |                                                                                                                                                     |               10 |             32 |
|  system_i/processing_system7_0/inst/FCLK_CLK0 | system_i/bubble_sort_ip_0/U0/bubble_sort_ip_v1_0_S_AXI_inst/B1/P1[17].P4.U4/temp[31]_i_1__16_n_0                                                             |                                                                                                                                                     |               10 |             32 |
|  system_i/processing_system7_0/inst/FCLK_CLK0 | system_i/bubble_sort_ip_0/U0/bubble_sort_ip_v1_0_S_AXI_inst/B1/P1[14].P3.U3/temp[31]_i_1__13_n_0                                                             |                                                                                                                                                     |               11 |             32 |
|  system_i/processing_system7_0/inst/FCLK_CLK0 | system_i/bubble_sort_ip_0/U0/bubble_sort_ip_v1_0_S_AXI_inst/slv_reg_rden                                                                                     | system_i/bubble_sort_ip_0/U0/bubble_sort_ip_v1_0_S_AXI_inst/axi_awready_i_1_n_0                                                                     |               15 |             32 |
|  system_i/processing_system7_0/inst/FCLK_CLK0 | system_i/bubble_sort_ip_0/U0/bubble_sort_ip_v1_0_S_AXI_inst/B1/P1[7].P4.U4/temp[31]_i_1__6_n_0                                                               |                                                                                                                                                     |                9 |             32 |
|  system_i/processing_system7_0/inst/FCLK_CLK0 | system_i/bubble_sort_ip_0/U0/bubble_sort_ip_v1_0_S_AXI_inst/B1/P1[8].P3.U3/temp[31]_i_1__7_n_0                                                               |                                                                                                                                                     |                9 |             32 |
|  system_i/processing_system7_0/inst/FCLK_CLK0 | system_i/bubble_sort_ip_0/U0/bubble_sort_ip_v1_0_S_AXI_inst/B1/P1[13].P4.U4/temp[31]_i_1__12_n_0                                                             |                                                                                                                                                     |               11 |             32 |
|  system_i/processing_system7_0/inst/FCLK_CLK0 | system_i/bubble_sort_ip_0/U0/bubble_sort_ip_v1_0_S_AXI_inst/B1/P1[0].P2.U2/temp[31]_i_1_n_0                                                                  |                                                                                                                                                     |                9 |             32 |
|  system_i/processing_system7_0/inst/FCLK_CLK0 | system_i/bubble_sort_ip_0/U0/bubble_sort_ip_v1_0_S_AXI_inst/B1/P1[10].P3.U3/temp[31]_i_1__9_n_0                                                              |                                                                                                                                                     |                9 |             32 |
|  system_i/processing_system7_0/inst/FCLK_CLK0 | system_i/bubble_sort_ip_0/U0/bubble_sort_ip_v1_0_S_AXI_inst/B1/P1[6].P3.U3/temp[31]_i_1__5_n_0                                                               |                                                                                                                                                     |                9 |             32 |
|  system_i/processing_system7_0/inst/FCLK_CLK0 | system_i/bubble_sort_ip_0/U0/bubble_sort_ip_v1_0_S_AXI_inst/B1/P1[11].P4.U4/temp[31]_i_1__10_n_0                                                             |                                                                                                                                                     |                9 |             32 |
|  system_i/processing_system7_0/inst/FCLK_CLK0 | system_i/bubble_sort_ip_0/U0/bubble_sort_ip_v1_0_S_AXI_inst/B1/P1[12].P3.U3/temp[31]_i_1__11_n_0                                                             |                                                                                                                                                     |                8 |             32 |
|  system_i/processing_system7_0/inst/FCLK_CLK0 | system_i/bubble_sort_ip_0/U0/bubble_sort_ip_v1_0_S_AXI_inst/B1/P1[2].P3.U3/temp[31]_i_1__1_n_0                                                               |                                                                                                                                                     |                9 |             32 |
|  system_i/processing_system7_0/inst/FCLK_CLK0 | system_i/bubble_sort_ip_0/U0/bubble_sort_ip_v1_0_S_AXI_inst/B1/P1[27].P4.U4/temp[31]_i_1__26_n_0                                                             |                                                                                                                                                     |                9 |             32 |
|  system_i/processing_system7_0/inst/FCLK_CLK0 | system_i/bubble_sort_ip_0/U0/bubble_sort_ip_v1_0_S_AXI_inst/B1/P1[28].P3.U3/temp[31]_i_1__27_n_0                                                             |                                                                                                                                                     |                9 |             32 |
|  system_i/processing_system7_0/inst/FCLK_CLK0 | system_i/bubble_sort_ip_0/U0/bubble_sort_ip_v1_0_S_AXI_inst/B1/P1[29].P4.U4/temp[31]_i_1__28_n_0                                                             |                                                                                                                                                     |                9 |             32 |
|  system_i/processing_system7_0/inst/FCLK_CLK0 | system_i/bubble_sort_ip_0/U0/bubble_sort_ip_v1_0_S_AXI_inst/B1/P1[39].P4.U4/temp[31]_i_1__38_n_0                                                             |                                                                                                                                                     |                9 |             32 |
|  system_i/processing_system7_0/inst/FCLK_CLK0 | system_i/bubble_sort_ip_0/U0/bubble_sort_ip_v1_0_S_AXI_inst/B1/P1[3].P4.U4/temp[31]_i_1__2_n_0                                                               |                                                                                                                                                     |                9 |             32 |
|  system_i/processing_system7_0/inst/FCLK_CLK0 | system_i/bubble_sort_ip_0/U0/bubble_sort_ip_v1_0_S_AXI_inst/B1/P1[40].P3.U3/temp[31]_i_1__39_n_0                                                             |                                                                                                                                                     |               10 |             32 |
|  system_i/processing_system7_0/inst/FCLK_CLK0 | system_i/bubble_sort_ip_0/U0/bubble_sort_ip_v1_0_S_AXI_inst/B1/P1[41].P4.U4/temp[31]_i_1__40_n_0                                                             |                                                                                                                                                     |                9 |             32 |
|  system_i/processing_system7_0/inst/FCLK_CLK0 | system_i/ps7_0_axi_periph/s00_couplers/auto_pc/inst/gen_axilite.gen_b2s_conv.axilite_b2s/RD.r_channel_0/rd_data_fifo_0/wr_en0                                |                                                                                                                                                     |                8 |             32 |
|  system_i/processing_system7_0/inst/FCLK_CLK0 | system_i/ps7_0_axi_periph/s00_couplers/auto_pc/inst/gen_axilite.gen_b2s_conv.axilite_b2s/SI_REG/r.r_pipe/p_1_in                                              |                                                                                                                                                     |                7 |             45 |
|  system_i/processing_system7_0/inst/FCLK_CLK0 | system_i/ps7_0_axi_periph/s00_couplers/auto_pc/inst/gen_axilite.gen_b2s_conv.axilite_b2s/SI_REG/r.r_pipe/s_ready_i_reg_0                                     |                                                                                                                                                     |                7 |             45 |
|  system_i/processing_system7_0/inst/FCLK_CLK0 | system_i/bubble_sort_ip_0/U0/bubble_sort_ip_v1_0_S_AXI_inst/slv_reg3[0]                                                                                      | system_i/bubble_sort_ip_0/U0/bubble_sort_ip_v1_0_S_AXI_inst/slv_reg2[0]                                                                             |               42 |            100 |
|  system_i/processing_system7_0/inst/FCLK_CLK0 |                                                                                                                                                              |                                                                                                                                                     |               35 |            116 |
+-----------------------------------------------+--------------------------------------------------------------------------------------------------------------------------------------------------------------+-----------------------------------------------------------------------------------------------------------------------------------------------------+------------------+----------------+


